#-----------------------------------------------------------
# Vivado v2020.2 (64-bit)
# SW Build 3064766 on Wed Nov 18 09:12:45 MST 2020
# IP Build 3064653 on Wed Nov 18 14:17:31 MST 2020
# Start of session at: Sun Dec  5 14:53:22 2021
# Process ID: 11124
# Current directory: C:/Users/micha/OneDrive/Documents/GitHub/EGRE_365_Final_Project/final_project.runs/synth_1
# Command line: vivado.exe -gui_launcher_event rodinguilauncherevent10588 C:\Users\micha\OneDrive\Documents\GitHub\EGRE_365_Final_Project\final_project.runs\synth_1\clock_divider.dcp
# Log file: C:/Users/micha/OneDrive/Documents/GitHub/EGRE_365_Final_Project/final_project.runs/synth_1/vivado.log
# Journal file: C:/Users/micha/OneDrive/Documents/GitHub/EGRE_365_Final_Project/final_project.runs/synth_1\vivado.jou
#-----------------------------------------------------------
start_gui
open_checkpoint C:/Users/micha/OneDrive/Documents/GitHub/EGRE_365_Final_Project/final_project.runs/synth_1/clock_divider.dcp
close_design
open_checkpoint C:/Users/micha/OneDrive/Documents/GitHub/EGRE_365_Final_Project/final_project.runs/synth_1/clock_divider.dcp
